This is pdfTeX, Version 3.141592653-2.6-1.40.25 (TeX Live 2023) (preloaded format=pdflatex 2024.3.9)  30 MAY 2024 20:30
entering extended mode
 restricted \write18 enabled.
 file:line:error style messages enabled.
 %&-line parsing enabled.
**"c:/Users/perkinne/OneDrive - Victoria University of Wellington - STAFF/Ned_Natalie_PhD/PhD-thesis/phd-thesis/test.tex"
(c:/Users/perkinne/OneDrive - Victoria University of Wellington - STAFF/Ned_Natalie_PhD/PhD-thesis/phd-thesis/test.tex
LaTeX2e <2023-11-01> patch level 1
L3 programming layer <2024-02-20>
(c:/Users/perkinne/AppData/Roaming/TinyTeX/texmf-dist/tex/latex/base/article.cls
Document Class: article 2023/05/17 v1.4n Standard LaTeX document class
(c:/Users/perkinne/AppData/Roaming/TinyTeX/texmf-dist/tex/latex/base/size10.clo
File: size10.clo 2023/05/17 v1.4n Standard LaTeX file (size option)
)
\c@part=\count188
\c@section=\count189
\c@subsection=\count190
\c@subsubsection=\count191
\c@paragraph=\count192
\c@subparagraph=\count193
\c@figure=\count194
\c@table=\count195
\abovecaptionskip=\skip48
\belowcaptionskip=\skip49
\bibindent=\dimen140
)

! LaTeX Error: File `lipsum.sty' not found.

Type X to quit or <RETURN> to proceed,
or enter new name. (Default extension: sty)

Enter file name: 
c:/Users/perkinne/OneDrive - Victoria University of Wellington - STAFF/Ned_Natalie_PhD/PhD-thesis/phd-thesis/test.tex:3: Emergency stop.
<read *> 
         
l.3 ^^M
       
*** (cannot \read from terminal in nonstop modes)

 
Here is how much of TeX's memory you used:
 230 strings out of 476075
 3231 string characters out of 5791072
 1925190 words of memory out of 5000000
 22429 multiletter control sequences out of 15000+600000
 558069 words of font info for 36 fonts, out of 8000000 for 9000
 14 hyphenation exceptions out of 8191
 35i,0n,38p,270b,36s stack positions out of 10000i,1000n,20000p,200000b,200000s
c:/Users/perkinne/OneDrive - Victoria University of Wellington - STAFF/Ned_Natalie_PhD/PhD-thesis/phd-thesis/test.tex:3:  ==> Fatal error occurred, no output PDF file produced!
